// Jest Snapshot v1, https://goo.gl/fbAQLP

exports[`With Snapshot Testing should match newscard coding 1`] = `
<div
  className="container-fluid"
  style={
    Object {
      "marginTop": 22,
    }
  }
>
  <div
    className="row"
  >
    <div
      className="col-lg-3 col-md-3 col-sm-6 col-12"
    >
      <div
        className="card"
        style={
          Object {
            "marginBottom": 21,
            "maxHeight": 920,
          }
        }
      >
        <img
          alt="No Image Available"
          className="card-img-top"
          src="https://cdn.mos.cms.futurecdn.net/2gb2CHQ78Gf6EEda8ddypP-1200-80.jpg"
        />
        <div
          className="card-body"
        >
          <div
            className="card-title h5"
          >
            You’ll never guess Google’s most valuable Android app of 2020 - TechRadar
          </div>
          <p
            className="card-text"
            style={
              Object {
                "fontSize": 12,
              }
            }
          >
            Author: 
            Desire Athow
          </p>
          <p
            className="card-text"
          >
            Top Google app has nothing to do with games and everything to do with family
          </p>
          <a
            className="card-link"
            href="https://www.techradar.com/news/googles-most-valuable-android-app-of-2020-to-date-isyoull-never-guess"
            target="_blank"
          >
            Details
          </a>
        </div>
        <div
          className="card-footer"
        >
          <small
            className="text-muted"
          >
            Published Time: 
            Thu Jul 02 2020 10:00:00 GMT+0700 (Western Indonesia Time)
          </small>
        </div>
      </div>
    </div>
    <div
      className="col-lg-3 col-md-3 col-sm-6 col-12"
    >
      <div
        className="card"
        style={
          Object {
            "marginBottom": 21,
            "maxHeight": 920,
          }
        }
      >
        <img
          alt="No Image Available"
          className="card-img-top"
          src="https://cdn.vox-cdn.com/thumbor/zO6aOUGDcK8xe_x08DDDbPa84rY=/0x2:982x516/fit-in/1200x630/cdn.vox-cdn.com/uploads/chorus_asset/file/12321689/Screen_Shot_2018_08_20_at_1.25.27_PM.png"
        />
        <div
          className="card-body"
        >
          <div
            className="card-title h5"
          >
            Dark Sky delays shutdown of Android app until August 1st - The Verge
          </div>
          <p
            className="card-text"
            style={
              Object {
                "fontSize": 12,
              }
            }
          >
            Author: 
            Nick Statt
          </p>
          <p
            className="card-text"
          >
            Popular weather app Dark Sky, now owned by Apple, is keeping its doors open on Android for a little longer. The company said on Wednesday in an update on its website that it plans to keep the Android version going until August 1st, after initially announcing …
          </p>
          <a
            className="card-link"
            href="https://www.theverge.com/2020/7/1/21310801/dark-sky-android-app-delay-shutdown-august-1st"
            target="_blank"
          >
            Details
          </a>
        </div>
        <div
          className="card-footer"
        >
          <small
            className="text-muted"
          >
            Published Time: 
            Thu Jul 02 2020 08:32:00 GMT+0700 (Western Indonesia Time)
          </small>
        </div>
      </div>
    </div>
    <div
      className="col-lg-3 col-md-3 col-sm-6 col-12"
    >
      <div
        className="card"
        style={
          Object {
            "marginBottom": 21,
            "maxHeight": 920,
          }
        }
      >
        <img
          alt="No Image Available"
          className="card-img-top"
          src="https://9to5mac.com/wp-content/uploads/sites/6/2019/07/Facebook-fine.jpg?quality=82&strip=all"
        />
        <div
          className="card-body"
        >
          <div
            className="card-title h5"
          >
            Facebook once again shares data from inactive users with developers - 9to5Mac
          </div>
          <p
            className="card-text"
            style={
              Object {
                "fontSize": 12,
              }
            }
          >
            Author: 
            -
          </p>
          <p
            className="card-text"
          >
            Facebook is once again involved in a controversial situation regarding privacy issues. The company has confirmed that thousands of developers have been able to access data from inactive users, which is an unexpected behavior. After the Cambridge Analytica cri…
          </p>
          <a
            className="card-link"
            href="https://9to5mac.com/2020/07/01/facebook-once-again-shares-data-from-inactive-users-with-developers/"
            target="_blank"
          >
            Details
          </a>
        </div>
        <div
          className="card-footer"
        >
          <small
            className="text-muted"
          >
            Published Time: 
            Thu Jul 02 2020 08:25:35 GMT+0700 (Western Indonesia Time)
          </small>
        </div>
      </div>
    </div>
    <div
      className="col-lg-3 col-md-3 col-sm-6 col-12"
    >
      <div
        className="card"
        style={
          Object {
            "marginBottom": 21,
            "maxHeight": 920,
          }
        }
      >
        <img
          alt="No Image Available"
          className="card-img-top"
          src="https://thumbor.forbes.com/thumbor/fit-in/1200x0/filters%3Aformat%28jpg%29/https%3A%2F%2Fspecials-images.forbesimg.com%2Fimageserve%2F1142126320%2F0x0.jpg"
        />
        <div
          className="card-body"
        >
          <div
            className="card-title h5"
          >
            Google Stops Selling The Pixel 3a, Leaving It Without A Mid-Range Phone - Forbes
          </div>
          <p
            className="card-text"
            style={
              Object {
                "fontSize": 12,
              }
            }
          >
            Author: 
            Kris Holt
          </p>
          <p
            className="card-text"
          >
            You might still be able to pick one up from a third-party retailer, or on the Google Store outside of the US.
          </p>
          <a
            className="card-link"
            href="https://www.forbes.com/sites/krisholt/2020/07/01/google-pixel-3a-discontinued/"
            target="_blank"
          >
            Details
          </a>
        </div>
        <div
          className="card-footer"
        >
          <small
            className="text-muted"
          >
            Published Time: 
            Thu Jul 02 2020 08:25:34 GMT+0700 (Western Indonesia Time)
          </small>
        </div>
      </div>
    </div>
    <div
      className="col-lg-3 col-md-3 col-sm-6 col-12"
    >
      <div
        className="card"
        style={
          Object {
            "marginBottom": 21,
            "maxHeight": 920,
          }
        }
      >
        <img
          alt="No Image Available"
          className="card-img-top"
          src="https://assets1.ignimgs.com/2020/04/03/crucible-1585911302037.jpg?width=1280"
        />
        <div
          className="card-body"
        >
          <div
            className="card-title h5"
          >
            Amazon's Crucible Is Headed Back To Closed Beta a Month After Release - IGN
          </div>
          <p
            className="card-text"
            style={
              Object {
                "fontSize": 12,
              }
            }
          >
            Author: 
            Jordan Oloman
          </p>
          <p
            className="card-text"
          >
            Just a month after release, Crucible is headed back into closed beta development to "focus on providing the best possible experience".
          </p>
          <a
            className="card-link"
            href="https://www.ign.com/articles/crucible-closed-beta-after-release"
            target="_blank"
          >
            Details
          </a>
        </div>
        <div
          className="card-footer"
        >
          <small
            className="text-muted"
          >
            Published Time: 
            Thu Jul 02 2020 07:25:47 GMT+0700 (Western Indonesia Time)
          </small>
        </div>
      </div>
    </div>
    <div
      className="col-lg-3 col-md-3 col-sm-6 col-12"
    >
      <div
        className="card"
        style={
          Object {
            "marginBottom": 21,
            "maxHeight": 920,
          }
        }
      >
        <img
          alt="No Image Available"
          className="card-img-top"
          src="https://www.androidpolice.com/wp-content/uploads/2019/01/Better-Developed-Google-Logo-Shelf-kitsch-668x445.jpg"
        />
        <div
          className="card-body"
        >
          <div
            className="card-title h5"
          >
            Gawk at the boatloads of cash Google is throwing at Apple to maintain its search monopoly - Android Police
          </div>
          <p
            className="card-text"
            style={
              Object {
                "fontSize": 12,
              }
            }
          >
            Author: 
            https://www.facebook.com/ryne.hager
          </p>
          <p
            className="card-text"
          >
            According to a recent report by the UK Competition and Markets Authority, Google paid £1.2 billion (or around $1.5 billion) across 2019 to secure
          </p>
          <a
            className="card-link"
            href="https://www.androidpolice.com/2020/07/01/gawk-at-the-boatloads-of-cash-google-is-throwing-at-apple-to-maintain-its-search-monopoly/"
            target="_blank"
          >
            Details
          </a>
        </div>
        <div
          className="card-footer"
        >
          <small
            className="text-muted"
          >
            Published Time: 
            Thu Jul 02 2020 06:28:07 GMT+0700 (Western Indonesia Time)
          </small>
        </div>
      </div>
    </div>
    <div
      className="col-lg-3 col-md-3 col-sm-6 col-12"
    >
      <div
        className="card"
        style={
          Object {
            "marginBottom": 21,
            "maxHeight": 920,
          }
        }
      >
        <img
          alt="No Image Available"
          className="card-img-top"
          src="https://thumbor.forbes.com/thumbor/fit-in/1200x0/filters%3Aformat%28jpg%29/https%3A%2F%2Fspecials-images.forbesimg.com%2Fimageserve%2F28129f9a299a4be4bd9b9e9c4a88b6ac%2F0x0.jpg"
        />
        <div
          className="card-body"
        >
          <div
            className="card-title h5"
          >
            Apple’s MacBook Pro Is Going To Kill The Competition - Forbes
          </div>
          <p
            className="card-text"
            style={
              Object {
                "fontSize": 12,
              }
            }
          >
            Author: 
            Ewan Spence
          </p>
          <p
            className="card-text"
          >
            Apple’s move to ARM-based processors for the Mac family has scored its first victory over the competition. It won't be the last.
          </p>
          <a
            className="card-link"
            href="https://www.forbes.com/sites/ewanspence/2020/07/01/apple-macbook-pro-macos-arm-intel-versus-microsoft-surface-pro-x-windows-10-benchmark/"
            target="_blank"
          >
            Details
          </a>
        </div>
        <div
          className="card-footer"
        >
          <small
            className="text-muted"
          >
            Published Time: 
            Thu Jul 02 2020 06:26:05 GMT+0700 (Western Indonesia Time)
          </small>
        </div>
      </div>
    </div>
    <div
      className="col-lg-3 col-md-3 col-sm-6 col-12"
    >
      <div
        className="card"
        style={
          Object {
            "marginBottom": 21,
            "maxHeight": 920,
          }
        }
      >
        <img
          alt="No Image Available"
          className="card-img-top"
          src="https://cdn.mos.cms.futurecdn.net/SvvYZerGkfh5bQmGBYMZa3-1200-80.jpg"
        />
        <div
          className="card-body"
        >
          <div
            className="card-title h5"
          >
            Big Google Chrome upgrade will change the way you surf — how to get it now - Tom's Guide
          </div>
          <p
            className="card-text"
            style={
              Object {
                "fontSize": 12,
              }
            }
          >
            Author: 
            Brittany Vincent
          </p>
          <p
            className="card-text"
          >
            With the Chrome beta, you can add tabs to toggle between multiple pages
          </p>
          <a
            className="card-link"
            href="https://www.tomsguide.com/news/big-google-chrome-upgrade-will-change-the-way-you-surf-how-to-get-it-now"
            target="_blank"
          >
            Details
          </a>
        </div>
        <div
          className="card-footer"
        >
          <small
            className="text-muted"
          >
            Published Time: 
            Thu Jul 02 2020 05:34:56 GMT+0700 (Western Indonesia Time)
          </small>
        </div>
      </div>
    </div>
  </div>
</div>
`;
